
* chgrp ：改變檔案所屬群組
* chown ：改變檔案擁有者
* chmod ：改變檔案的權限, SUID, SGID, SBIT等等的特性


usr是Unix Software Resource的縮寫， 也就是『Unix作業系統軟體資源』所放置的目錄
```
[root@study tmp]# mkdir -m 711 test2  # 仔細看上面的權限部分，如果沒有加上 -m 來強制設定屬性，系統會使用預設屬性掰
```
```
[root@study tmp]# cp -s bashrc bashrc_slink
[root@study tmp]# cp -l bashrc bashrc_hlink
[root@study tmp]# ls -l bashrc*
-rw-r--r--. 2 root root 176 Jun 11 19:01 bashrc         <==與原始檔案不太一樣了！
-rw-r--r--. 2 root root 176 Jun 11 19:01 bashrc_hlink
lrwxrwxrwx. 1 root root   6 Jun 11 19:06 bashrc_slink -> bashrc
```
* `-l` 就是所謂的實體連結(hard link)，至於 `-s` 則是符號連結(symbolic link)

```
[root@study tmp]# cp bashrc_slink bashrc_slink_1
[root@study tmp]# cp -d bashrc_slink bashrc_slink_2
[root@study tmp]# ls -l bashrc bashrc_slink*
-rw-r--r--. 2 root root 176 Jun 11 19:01 bashrc
lrwxrwxrwx. 1 root root   6 Jun 11 19:06 bashrc_slink -> bashrc
-rw-r--r--. 1 root root 176 Jun 11 19:09 bashrc_slink_1            <==與原始檔案相同
lrwxrwxrwx. 1 root root   6 Jun 11 19:10 bashrc_slink_2 -> bashrc  <==是連結檔！
```
* 這個例子也是很有趣喔！原本複製的是連結檔，但是卻將連結檔的實際檔案複製過來了
* 也就是說，如果沒有加上任何選項時，cp複製的是原始檔案，而非連結檔的屬性！
* 若要複製連結檔的屬性，就得要使用 -d 的選項了！如 bashrc_slink_2 所示。

```
[root@study ~]# basename /etc/sysconfig/network
network         <== 很簡單！就取得最後的檔名～
[root@study ~]# dirname /etc/sysconfig/network
/etc/sysconfig  <== 取得的變成目錄名了！
➜  yichien basename /home/yichien/test/1.txt
1.txt
➜  yichien dirname /home/yichien/test/1.txt
/home/yichien/test
```


```
➜  yichien cat -n testcat.txt   # 加印行號
     1  1
     2  2
     3  3
     4  4
     5  5
     6  6
     7  7
     8  8
➜  yichien nl testcat.txt
     1  1
     2  2
     3  3
     4  4
     5  5
     6  6
     7  7
     8  8
```
```
➜  yichien cat -A testcat.txt   # 內容完整的顯示出來(包含特殊字元)
1$
2$
3$
4$
5$
6$
7$
8$
➜  yichien tac testcat.txt
8
7
6
5
4
3
2
1
```
```
[root@study ~]# nl [-bnw] 檔案
選項與參數：
-b  ：指定行號指定的方式，主要有兩種：
      -b a ：表示不論是否為空行，也同樣列出行號(類似 cat -n)；
      -b t ：如果有空行，空的那一行不要列出行號(預設值)；
-n  ：列出行號表示的方法，主要有三種：
      -n ln ：行號在螢幕的最左方顯示；
      -n rn ：行號在自己欄位的最右方顯示，且不加 0 ；
      -n rz ：行號在自己欄位的最右方顯示，且加 0 ；
-w  ：行號欄位的佔用的字元數。
```
```
➜  yichien head -n 3 testcat.txt
1
2
3
➜  yichien tail -n 3 testcat.txt
6
7
8
```


檔案的內容以8進位列出儲存值與ASCII的對照表
```
➜  yichien od -t oCc testcat.txt
0000000 061 012 062 012 063 012 064 012 065 012 066 012 067 012 070 012
          1  \n   2  \n   3  \n   4  \n   5  \n   6  \n   7  \n   8  \n
0000020 012
         \n
0000021
```



[root@study ~]# touch [-acdmt] 檔案
選項與參數：
-a  ：僅修訂 access time；
-c  ：僅修改檔案的時間，若該檔案不存在則不建立新檔案；
-d  ：後面可以接欲修訂的日期而不用目前的日期，也可以使用 --date="日期或時間"
-m  ：僅修改 mtime ；
-t  ：後面可以接欲修訂的時間而不用目前的時間，格式為[YYYYMMDDhhmm]

# 檔案預設權限：umask
```
➜  yichien umask
022
➜  yichien umask -S
u=rwx,g=rx,o=rx
➜  yichien touch test1
➜  yichien mkdir test2
➜  yichien ll -d test*
-rw-r--r-- 1 root root    0 Jul  5 14:15 test1
drwxr-xr-x 2 root root 4.0K Jul  5 14:15 test2
```


# chattr (設定檔案隱藏屬性)
```
[root@study ~]# chattr [+-=][ASacdistu] 檔案或目錄名稱
選項與參數：
+  ：增加某一個特殊參數，其他原本存在參數則不動。
-  ：移除某一個特殊參數，其他原本存在參數則不動。
=  ：設定一定，且僅有後面接的參數

A  ：當設定了 A 這個屬性時，若你有存取此檔案(或目錄)時，他的存取時間 atime 將不會被修改，
     可避免 I/O 較慢的機器過度的存取磁碟。(目前建議使用檔案系統掛載參數處理這個項目)
S  ：一般檔案是非同步寫入磁碟的(原理請參考前一章sync的說明)，如果加上 S 這個屬性時，
     當你進行任何檔案的修改，該更動會『同步』寫入磁碟中。
a  ：當設定 a 之後，這個檔案將只能增加資料，而不能刪除也不能修改資料，只有root 才能設定這屬性
c  ：這個屬性設定之後，將會自動的將此檔案『壓縮』，在讀取的時候將會自動解壓縮，
     但是在儲存的時候，將會先進行壓縮後再儲存(看來對於大檔案似乎蠻有用的！)
d  ：當 dump 程序被執行的時候，設定 d 屬性將可使該檔案(或目錄)不會被 dump 備份
i  ：這個 i 可就很厲害了！他可以讓一個檔案『不能被刪除、改名、設定連結也無法寫入或新增資料！』
     對於系統安全性有相當大的助益！只有 root 能設定此屬性
s  ：當檔案設定了 s 屬性時，如果這個檔案被刪除，他將會被完全的移除出這個硬碟空間，
     所以如果誤刪了，完全無法救回來了喔！
u  ：與 s 相反的，當使用 u 來設定檔案時，如果該檔案被刪除了，則資料內容其實還存在磁碟中，
     可以使用來救援該檔案喔！
```
```
➜  yichien touch aa
➜  yichien chattr +i aa
➜  yichien rm aa
rm: cannot remove 'aa': Operation not permitted
➜  yichien chattr -i aa
➜  yichien rm aa
```

# lsattr (顯示檔案隱藏屬性)
```
[root@study ~]# lsattr [-adR] 檔案或目錄
選項與參數：
-a ：將隱藏檔的屬性也秀出來；
-d ：如果接的是目錄，僅列出目錄本身的屬性而非目錄內的檔名；
-R ：連同子目錄的資料也一併列出來！ 
```
```
➜  yichien chattr +aiS aa
➜  yichien lsattr aa
--S-ia--------e----- aa
```


# SUID/SGID/SBIT 權限設定
* 4 為 SUID `rwsrw-r--` 文件在執行階段具有文件所有者的權限
* 2 為 SGID `rwxrwsrw-` 只對目錄有效
* 1 為 SBIT `rwxrw-rwt` 防刪除屬性，只對目錄有效

```
➜  /tmp touch test
➜  /tmp chmod 4755 test; ls -l test   <==加入具有 SUID 的權限
-rwsr-xr-x 1 root root 0 Jul  5 14:32 test
➜  /tmp chmod 6755 test; ls -l test   <==加入具有 SUID/SGID 的權限
-rwsr-sr-x 1 root root 0 Jul  5 14:32 test
➜  /tmp chmod 1755 test; ls -l test   <==加入 SBIT 的功能
-rwxr-xr-t 1 root root 0 Jul  5 14:32 test
➜  /tmp chmod 7666 test; ls -l test   <==具有空的 SUID/SGID 權限
-rwSrwSrwT 1 root root 0 Jul  5 14:32 test
```


* UNIX系統將時間標記分成三種：
    1. atime(Access time)：檔案上次被讀取的時間。
    2. ctime(status Change time)：檔案的屬性或內容上次被修改的時間。
    3. mtime(Modified time)：檔案的內容上次被修改的時間。


```
➜  yichien ps aux
USER       PID %CPU %MEM    VSZ   RSS TTY      STAT START   TIME COMMAND
root         1  0.0  0.0   1744  1084 ?        Sl   09:02   0:00 /init
root       128  0.0  0.0   1752    68 ?        Ss   09:02   0:00 /init
root       129  0.0  0.0   1752    76 ?        S    09:02   0:00 /init
root       130  0.0  0.4 1828948 34088 pts/0   Ssl+ 09:02   0:02 /mnt/wsl/docker-desktop/docker-desktop-user-distro prox
root       143  0.0  0.0      0     0 ?        Z    09:02   0:00 [init] <defunct>
root     20483  0.0  0.0   1752    68 ?        Ss   10:24   0:00 /init
root     20484  0.0  0.0   1752    76 ?        R    10:24   0:00 /init
yichien  20485  0.0  0.0  11548  5476 pts/1    Ss   10:24   0:00 -zsh
root     20488  0.0  0.0  11024  4572 pts/1    S    10:24   0:00 sudo su
root     20489  0.0  0.0   9988  3664 pts/1    S    10:24   0:00 su
root     20490  0.0  0.0  15524  7564 pts/1    S    10:24   0:00 zsh
root     20861  0.0  0.0  11016  4592 pts/1    S    16:15   0:00 sudo su
root     20862  0.0  0.0   9988  3680 pts/1    S    16:15   0:00 su
root     20863  0.0  0.0  12152  6188 pts/1    S    16:15   0:00 zsh
root     21133  0.0  0.0  10140  3652 pts/1    S    16:50   0:00 su - yichien
yichien  21134  0.0  0.0  11544  5416 pts/1    S    16:50   0:00 -zsh
root     21139  0.0  0.0  11284  4648 pts/1    S    16:50   0:00 sudo su
root     21140  0.0  0.0   9988  3776 pts/1    S    16:51   0:00 su
root     21141  0.0  0.0  12148  6132 pts/1    S    16:51   0:00 zsh
root     21183  0.0  0.0  10616  3324 pts/1    R+   17:35   0:00 ps aux
➜  yichien top
top - 17:36:21 up  8:34,  0 users,  load average: 0.00, 0.00, 0.00
Tasks:  20 total,   1 running,  18 sleeping,   0 stopped,   1 zombie
%Cpu(s):  0.0 us,  0.1 sy,  0.0 ni, 99.9 id,  0.0 wa,  0.0 hi,  0.0 si,  0.0 st
MiB Mem :   7660.9 total,   4195.0 free,    799.6 used,   2666.3 buff/cache
MiB Swap:   2048.0 total,   2048.0 free,      0.0 used.   6567.1 avail Mem

  PID USER      PR  NI    VIRT    RES    SHR S  %CPU  %MEM     TIME+ COMMAND
    1 root      20   0    1744   1084   1016 S   0.0   0.0   0:00.02 init
  128 root      20   0    1752     68      0 S   0.0   0.0   0:00.00 init
  129 root      20   0    1752     76      0 S   0.0   0.0   0:00.03 init
  130 root      20   0 1828948  34088  14072 S   0.0   0.4   0:02.46 docker-desktop-
  143 root      20   0       0      0      0 Z   0.0   0.0   0:00.00 init
20483 root      20   0    1752     68      0 S   0.0   0.0   0:00.00 init
20484 root      20   0    1752     76      0 S   0.0   0.0   0:00.89 init
20485 yichien   20   0   11548   5476   4192 S   0.0   0.1   0:00.02 zsh
20488 root      20   0   11024   4572   3880 S   0.0   0.1   0:00.00 sudo
20489 root      20   0    9988   3664   3248 S   0.0   0.0   0:00.00 su
20490 root      20   0   15524   7564   5332 S   0.0   0.1   0:00.71 zsh
20861 root      20   0   11016   4592   3888 S   0.0   0.1   0:00.00 sudo
20862 root      20   0    9988   3680   3264 S   0.0   0.0   0:00.00 su
20863 root      20   0   12152   6188   4540 S   0.0   0.1   0:00.13 zsh
21133 root      20   0   10140   3652   3224 S   0.0   0.0   0:00.00 su
21134 yichien   20   0   11544   5416   4128 S   0.0   0.1   0:00.01 zsh
21139 root      20   0   11284   4648   3952 S   0.0   0.1   0:00.01 sudo
21140 root      20   0    9988   3776   3360 S   0.0   0.0   0:00.00 su
21141 root      20   0   12148   6132   4488 S   0.0   0.1   0:00.10 zsh
21186 root      20   0   10872   3768   3256 R   0.0   0.0   0:00.00 top
```


# lsblk 列出系統上的所有磁碟列表
* lsblk 可以看成『 list block device 』的縮寫
[root@study ~]# lsblk [-dfimpt] [device]
選項與參數：
-d  ：僅列出磁碟本身，並不會列出該磁碟的分割資料
-f  ：同時列出該磁碟內的檔案系統名稱
-i  ：使用 ASCII 的線段輸出，不要使用複雜的編碼 (再某些環境下很有用)
-m  ：同時輸出該裝置在 /dev 底下的權限資料 (rwx 的資料)
-p  ：列出該裝置的完整檔名！而不是僅列出最後的名字而已。
-t  ：列出該磁碟裝置的詳細資料，包括磁碟佇列機制、預讀寫的資料量大小等
```
➜  yichien lsblk   # 實際的磁碟分割狀態
NAME  MAJ:MIN RM   SIZE RO TYPE MOUNTPOINT
loop0   7:0    0 362.5M  1 loop /mnt/wsl/docker-desktop/cli-tools
loop1   7:1    0 185.5M  1 loop
sda     8:0    0   256G  0 disk
sdb     8:16   0   256G  0 disk /mnt/wsl/docker-desktop/docker-desktop-user-distro
sdc     8:32   0   256G  0 disk /mnt/wsl/docker-desktop-data/isocache
sdd     8:48   0   256G  0 disk /
➜  yichien lsblk -ip /dev/sda
NAME     MAJ:MIN RM  SIZE RO TYPE MOUNTPOINT
/dev/sda   8:0    0  256G  0 disk
➜  yichien cat /proc/partitions   # 核心的分割紀錄
major minor  #blocks  name

   1        0      65536 ram0
   1        1      65536 ram1
   1        2      65536 ram2
   1        3      65536 ram3
   1        4      65536 ram4
   1        5      65536 ram5
   1        6      65536 ram6
   1        7      65536 ram7
   1        8      65536 ram8
   1        9      65536 ram9
   1       10      65536 ram10
   1       11      65536 ram11
   1       12      65536 ram12
   1       13      65536 ram13
   1       14      65536 ram14
   1       15      65536 ram15
   7        0     371152 loop0
   7        1     189968 loop1
   8        0  268435456 sda
   8       16  268435456 sdb
   8       32  268435456 sdc
   8       48  268435456 sdd
```

# blkid 列出裝置的 UUID 等參數
* UUID 是全域單一識別碼 (universally unique identifier)，Linux 會將系統內所有的裝置都給予一個獨一無二的識別碼， 這個識別碼就可以拿來作為掛載或者是使用這個裝置/檔案系統之用了
```
➜  yichien blkid
/dev/loop0: UUID="2022-06-27-13-47-44-00" LABEL="wsl-cli-bundle" TYPE="iso9660"
/dev/loop1: UUID="2022-06-29-06-57-09-00" LABEL="LinuxKit" TYPE="iso9660"
/dev/sda: UUID="3255683f-53a2-4fdf-91cf-b4c1041e2a62" TYPE="ext4"
/dev/sdb: UUID="3255683f-53a2-4fdf-91cf-b4c1041e2a62" TYPE="ext4"
/dev/sdc: UUID="3255683f-53a2-4fdf-91cf-b4c1041e2a62" TYPE="ext4"
/dev/sdd: UUID="3255683f-53a2-4fdf-91cf-b4c1041e2a62" TYPE="ext4"
```

# parted 列出磁碟的分割表類型與分割資訊
```
➜  yichien parted /dev/sda print
Model: Msft Virtual Disk (scsi)
Disk /dev/sda: 275GB
Sector size (logical/physical): 512B/4096B
Partition Table: loop
Disk Flags:

Number  Start  End    Size   File system  Flags
 1      0.00B  275GB  275GB  ext4
```

# 磁碟分割： gdisk/fdisk
* MBR 分割表請使用 fdisk 分割， GPT 分割表請使用 gdisk 分割
* MBR 為 Master Boot Record（主開機記錄）的縮寫，位於硬碟開始部分的一個特殊磁區，磁區內部包含已安裝系統的啟動載入器以及硬碟內邏輯分割區的資訊
> 位於硬碟開始部分的一個特殊磁區，磁區內部包含已安裝系統的啟動載入器以及硬碟內邏輯分割區的資訊
* GPT 為 GUID Partition Table（磁碟分割表＜全域唯一標識磁碟分割表格＞）的縮寫，允許無限數量的分割區，您不必創建擴展分區即可使其工作

# XFS 檔案系統 mkfs.xfs
* 『格式化』其實應該稱為『建置檔案系統 (make filesystem)』，要建立的其實是 xfs 檔案系統， 因此使用的是 mkfs.xfs 這個指令才對

# 檔案系統掛載與卸載
* 單一檔案系統不應該被重複掛載在不同的掛載點(目錄)中
* 單一目錄不應該重複掛載多個檔案系統
* 要作為掛載點的目錄，理論上應該都是空目錄才是
```
[root@study ~]# mount [-t 檔案系統] LABEL=''  掛載點
[root@study ~]# mount [-t 檔案系統] UUID=''   掛載點  # 鳥哥近期建議用這種方式喔！
[root@study ~]# mount [-t 檔案系統] 裝置檔名  掛載點
選項與參數：
-a  ：依照設定檔 /etc/fstab 的資料將所有未掛載的磁碟都掛載上來
-l  ：單純的輸入 mount 會顯示目前掛載的資訊。加上 -l 可增列 Label 名稱！
-t  ：可以加上檔案系統種類來指定欲掛載的類型。常見的 Linux 支援類型有：xfs, ext3, ext4,
      reiserfs, vfat, iso9660(光碟格式), nfs, cifs, smbfs (後三種為網路檔案系統類型)
-n  ：在預設的情況下，系統會將實際掛載的情況即時寫入 /etc/mtab 中，以利其他程式的運作。
      但在某些情況下(例如單人維護模式)為了避免問題會刻意不寫入。此時就得要使用 -n 選項。
-o  ：後面可以接一些掛載時額外加上的參數！比方說帳號、密碼、讀寫權限等：
      async, sync:   此檔案系統是否使用同步寫入 (sync) 或非同步 (async) 的
                     記憶體機制，請參考檔案系統運作方式。預設為 async。
      atime,noatime: 是否修訂檔案的讀取時間(atime)。為了效能，某些時刻可使用 noatime
      ro, rw:        掛載檔案系統成為唯讀(ro) 或可讀寫(rw)
      auto, noauto:  允許此 filesystem 被以 mount -a 自動掛載(auto)
      dev, nodev:    是否允許此 filesystem 上，可建立裝置檔案？ dev 為可允許
      suid, nosuid:  是否允許此 filesystem 含有 suid/sgid 的檔案格式？
      exec, noexec:  是否允許此 filesystem 上擁有可執行 binary 檔案？
      user, nouser:  是否允許此 filesystem 讓任何使用者執行 mount ？一般來說，
                     mount 僅有 root 可以進行，但下達 user 參數，則可讓
                     一般 user 也能夠對此 partition 進行 mount 。
      defaults:      預設值為：rw, suid, dev, exec, auto, nouser, and async
      remount:       重新掛載，這在系統出錯，或重新更新參數時，很有用！
```

# 使用實體分割槽建置swap
```
➜  yichien gdisk /dev/sda
GPT fdisk (gdisk) version 1.0.5

Partition table scan:
  MBR: not present
  BSD: not present
  APM: not present
  GPT: not present

Creating new GPT entries in memory.

Command (? for help): n
Partition number (1-128, default 1):
First sector (34-536870878, default = 2048) or {+-}size{KMGTP}:
Last sector (2048-536870878, default = 536870878) or {+-}size{KMGTP}:
Current type is 8300 (Linux filesystem)
Hex code or GUID (L to show codes, Enter = 8300):
Changed type of partition to 'Linux filesystem'

Command (? for help): p
Disk /dev/sda: 536870912 sectors, 256.0 GiB
Model: Virtual Disk
Sector size (logical/physical): 512/4096 bytes
Disk identifier (GUID): A228EDEE-5095-4DA0-842B-BDE34B7E975E
Partition table holds up to 128 entries
Main partition table begins at sector 2 and ends at sector 33
First usable sector is 34, last usable sector is 536870878
Partitions will be aligned on 2048-sector boundaries
Total free space is 2014 sectors (1007.0 KiB)

Number  Start (sector)    End (sector)  Size       Code  Name
   1            2048       536870878   256.0 GiB   8300  Linux filesystem

Command (? for help): w

Final checks complete. About to write GPT data. THIS WILL OVERWRITE EXISTING
PARTITIONS!!

Do you want to proceed? (Y/N): y
OK; writing new GUID partition table (GPT) to /dev/sda.
The operation has completed successfully.
➜  yichien partprobe
➜  yichien lsblk
NAME   MAJ:MIN RM   SIZE RO TYPE MOUNTPOINT
loop0    7:0    0 362.5M  1 loop /mnt/wsl/docker-desktop/cli-tools
loop1    7:1    0 185.5M  1 loop
sda      8:0    0   256G  0 disk
└─sda1   8:1    0   256G  0 part
sdb      8:16   0   256G  0 disk /mnt/wsl/docker-desktop/docker-desktop-user-distro
sdc      8:32   0   256G  0 disk /mnt/wsl/docker-desktop-data/isocache
sdd      8:48   0   256G  0 disk /
```



ip 子網路 遮罩
nat



root@admin:/home/script# cat test.json | jq '.InstanceStatuses[]'
{
  "AvailabilityZone": "ap-northeast-1a",
  "InstanceId": "i-0b489764e8d5b6f46",
  "InstanceState": {
    "Code": 16,
    "Name": "running"
  },
  "InstanceStatus": {
    "Details": [
      {
        "Name": "reachability",
        "Status": "passed"
      }
    ],
    "Status": "ok"
  },
  "SystemStatus": {
    "Details": [
      {
        "Name": "reachability",
        "Status": "passed"
      }
    ],
    "Status": "ok"
  }
}
root@admin:/home/script# cat test.json | jq '.InstanceStatuses[].InstanceState'
{
  "Code": 16,
  "Name": "running"
}
root@admin:/home/script# cat test.json | jq '.InstanceStatuses[].InstanceState.Name'
"running"




private   nat閘道
public   igw